(py3Env) Adams-MacBook-Pro-2:CodingDojo Gibby540$ cd GIT-testing/
(py3Env) Adams-MacBook-Pro-2:GIT-testing Gibby540$ git init
Initialized empty Git repository in /Users/Gibby540/Desktop/CodingDojo/GIT-testing/.git/
(py3Env) Adams-MacBook-Pro-2:GIT-testing Gibby540$ git status
On branch master

No commits yet

Untracked files:
  (use "git add <file>..." to include in what will be committed)

	basic_repo/

nothing added to commit but untracked files present (use "git add" to track)
(py3Env) Adams-MacBook-Pro-2:GIT-testing Gibby540$ git commit -m "added details to the index.html"
On branch master

Initial commit

Untracked files:
	basic_repo/

nothing added to commit but untracked files present
(py3Env) Adams-MacBook-Pro-2:GIT-testing Gibby540$ git log
fatal: your current branch 'master' does not have any commits yet
(py3Env) Adams-MacBook-Pro-2:GIT-testing Gibby540$ git add index.html
fatal: pathspec 'index.html' did not match any files
(py3Env) Adams-MacBook-Pro-2:GIT-testing Gibby540$ git add basic_repo/
(py3Env) Adams-MacBook-Pro-2:GIT-testing Gibby540$ git status
On branch master

No commits yet

Changes to be committed:
  (use "git rm --cached <file>..." to unstage)

	new file:   basic_repo/index.html
	new file:   basic_repo/style.css

(py3Env) Adams-MacBook-Pro-2:GIT-testing Gibby540$ git commit -m "added details to the index.html"
[master (root-commit) 746fba9] added details to the index.html
 2 files changed, 9 insertions(+)
 create mode 100644 basic_repo/index.html
 create mode 100644 basic_repo/style.css
(py3Env) Adams-MacBook-Pro-2:GIT-testing Gibby540$ git log
commit 746fba9bdd7d3b5979c8c26ddb0551ddacd5b8a8 (HEAD -> master)
Author: Adam Gibson <gibsoncadam@gmail.com>
Date:   Tue Jul 30 07:57:02 2019 -0700

    added details to the index.html
(py3Env) Adams-MacBook-Pro-2:GIT-testing Gibby540$ git status
On branch master
Changes not staged for commit:
  (use "git add <file>..." to update what will be committed)
  (use "git checkout -- <file>..." to discard changes in working directory)

	modified:   basic_repo/style.css

no changes added to commit (use "git add" and/or "git commit -a")
(py3Env) Adams-MacBook-Pro-2:GIT-testing Gibby540$ git add basic_repo/style.css 
(py3Env) Adams-MacBook-Pro-2:GIT-testing Gibby540$ git status
On branch master
Changes to be committed:
  (use "git reset HEAD <file>..." to unstage)

	modified:   basic_repo/style.css

(py3Env) Adams-MacBook-Pro-2:GIT-testing Gibby540$ git commit -m "added details to style.css page"
[master 969cadf] added details to style.css page
 1 file changed, 3 insertions(+)
(py3Env) Adams-MacBook-Pro-2:GIT-testing Gibby540$ git status
On branch master
nothing to commit, working tree clean
(py3Env) Adams-MacBook-Pro-2:GIT-testing Gibby540$ git remote add origin https://github.com/gibsonac/basic_repo.git
(py3Env) Adams-MacBook-Pro-2:GIT-testing Gibby540$ git push origin master
Enumerating objects: 9, done.
Counting objects: 100% (9/9), done.
Delta compression using up to 4 threads
Compressing objects: 100% (5/5), done.
Writing objects: 100% (9/9), 721 bytes | 721.00 KiB/s, done.
Total 9 (delta 0), reused 0 (delta 0)
To https://github.com/gibsonac/basic_repo.git
 * [new branch]      master -> master
(py3Env) Adams-MacBook-Pro-2:GIT-testing Gibby540$ git status
On branch master
Changes not staged for commit:
  (use "git add <file>..." to update what will be committed)
  (use "git checkout -- <file>..." to discard changes in working directory)

	modified:   basic_repo/index.html

no changes added to commit (use "git add" and/or "git commit -a")
(py3Env) Adams-MacBook-Pro-2:GIT-testing Gibby540$ git add basic_repo/index.html 
(py3Env) Adams-MacBook-Pro-2:GIT-testing Gibby540$ git status
On branch master
Changes to be committed:
  (use "git reset HEAD <file>..." to unstage)

	modified:   basic_repo/index.html

(py3Env) Adams-MacBook-Pro-2:GIT-testing Gibby540$ git commit -m "additional things added to index.html page"
[master f93cdf3] additional things added to index.html page
 1 file changed, 2 insertions(+), 1 deletion(-)
(py3Env) Adams-MacBook-Pro-2:GIT-testing Gibby540$ git push origin master
Enumerating objects: 7, done.
Counting objects: 100% (7/7), done.
Delta compression using up to 4 threads
Compressing objects: 100% (3/3), done.
Writing objects: 100% (4/4), 468 bytes | 468.00 KiB/s, done.
Total 4 (delta 0), reused 0 (delta 0)
To https://github.com/gibsonac/basic_repo.git
   969cadf..f93cdf3  master -> master
(py3Env) Adams-MacBook-Pro-2:GIT-testing Gibby540$ git status
On branch master
Changes not staged for commit:
  (use "git add <file>..." to update what will be committed)
  (use "git checkout -- <file>..." to discard changes in working directory)

	modified:   basic_repo/style.css

no changes added to commit (use "git add" and/or "git commit -a")
(py3Env) Adams-MacBook-Pro-2:GIT-testing Gibby540$ git add basic_repo/style.css 
(py3Env) Adams-MacBook-Pro-2:GIT-testing Gibby540$ git status
On branch master
Changes to be committed:
  (use "git reset HEAD <file>..." to unstage)

	modified:   basic_repo/style.css

(py3Env) Adams-MacBook-Pro-2:GIT-testing Gibby540$ git commit -m "added mre to my style sheet"
[master f4f1530] added mre to my style sheet
 1 file changed, 1 insertion(+)
(py3Env) Adams-MacBook-Pro-2:GIT-testing Gibby540$ git status
On branch master
nothing to commit, working tree clean
(py3Env) Adams-MacBook-Pro-2:GIT-testing Gibby540$ git status
On branch master
nothing to commit, working tree clean
(py3Env) Adams-MacBook-Pro-2:GIT-testing Gibby540$ git add basic_repo/style.css 
(py3Env) Adams-MacBook-Pro-2:GIT-testing Gibby540$ git status
On branch master
nothing to commit, working tree clean
(py3Env) Adams-MacBook-Pro-2:GIT-testing Gibby540$ git push origin master
Enumerating objects: 7, done.
Counting objects: 100% (7/7), done.
Delta compression using up to 4 threads
Compressing objects: 100% (2/2), done.
Writing objects: 100% (4/4), 375 bytes | 375.00 KiB/s, done.
Total 4 (delta 0), reused 0 (delta 0)
To https://github.com/gibsonac/basic_repo.git
   f93cdf3..f4f1530  master -> master
(py3Env) Adams-MacBook-Pro-2:GIT-testing Gibby540$ 